// Jest Snapshot v1, https://goo.gl/fbAQLP

exports[`A p√°gina de template deve ser renderizada corretamente 1`] = `
<div>
  <header
    class="container"
  >
    <div
      aria-label="logo do sorteador de amigo secreto"
      class="logo"
      role="img"
    />
    <img
      alt="pessoa chacoalhando uma caixinha para sortear um amigo secreto"
      class="participante"
      src="/images/participante.png"
    />
  </header>
  <div
    class="card"
  />
</div>
`;
